Microchip MPLAB XC8 Compiler V2.20

Linker command line:

-W-3 --edf=C:\Program Files\Microchip\xc8\v2.20\pic\dat\en_msgs.txt -cn \
  -h+dist/default/production\ControlRemoto.X.production.sym \
  --cmf=dist/default/production\ControlRemoto.X.production.cmf -z -Q18F4550 \
  -oC:\Users\jairo\AppData\Local\Temp\s11ec.2 --defsym=__MPLAB_BUILD=1 \
  -Mdist/default/production/ControlRemoto.X.production.map -E1 \
  -ver=XC8 Compiler --acfsm=1493 -ASTACK=060h-07FFh -pstack=STACK \
  -ACODE=00h-07FFFh -ACONST=00h-07FFFh -ASMALLCONST=0800h-08FFhx120 \
  -AMEDIUMCONST=0800h-07FFFh -ACOMRAM=01h-05Fh -AABS1=00h-07FFh \
  -ABIGRAM=01h-07FFh -ARAM=060h-0FFh,0100h-01FFhx7 -ABANK0=060h-0FFh \
  -ABANK1=0100h-01FFh -ABANK2=0200h-02FFh -ABANK3=0300h-03FFh \
  -ABANK4=0400h-04FFh -ABANK5=0500h-05FFh -ABANK6=0600h-06FFh \
  -ABANK7=0700h-07FFh -ASFR=0F60h-0FFFh -ACONFIG=0300000h-030000Dh \
  -AIDLOC=0200000h-0200007h \
  -preset_vec=00h,intcode=08h,intcodelo,powerup,init -pramtop=0800h \
  -psmallconst=SMALLCONST -pmediumconst=MEDIUMCONST -pconst=CONST \
  -AFARRAM=00h-00h -AEEDATA=0F00000h-0F000FFh -peeprom_data=EEDATA \
  -prdata=COMRAM,nvrram=COMRAM,nvbit=COMRAM,rbss=COMRAM,rbit=COMRAM \
  -pfarbss=FARRAM,fardata=FARRAM,nvFARRAM=FARRAM \
  -pintsave_regs=BIGRAM,bigbss=BIGRAM,bigdata=BIGRAM -pbss=RAM \
  -pidata=CODE,irdata=CODE,ibigdata=CODE,ifardata=CODE -prparam=COMRAM \
  C:\Users\jairo\AppData\Local\Temp\s11ec.o \
  dist/default/production\ControlRemoto.X.production.o 

Object code version is 3.11

Machine type is 18F4550



                Name                               Link     Load   Length Selector   Space Scale
C:\Users\jairo\AppData\Local\Temp\s11ec.o
                idloc                            200000   200000        8        0       5
                config                           300000   300000        E        0       4
                init                                  E        E        4        4       0
                reset_vec                             0        0        4        0       0
dist/default/production\ControlRemoto.X.production.o
                intcode                               8        8        6        4       0
                idloc                            200000   200000        8        0       5
                config                           300000   300000        E        0       4
                temp                                 1E       1E        1        1       1
                smallconst                          800      800       18      400       0
                text6                               C7E      C7E        8      40C       0
                intcode_body                        B46      B46       AE      40C       0
                text4                               976      976      10C      40C       0
                text3                               BF4      BF4       70      40C       0
                text2                               C76      C76        8      40C       0
                text1                               A82      A82       C4      40C       0
                text0                               818      818      15E      40C       0
                cstackCOMRAM                          1        1       1D        1       1
                cinit                               C64      C64       12      40C       0

TOTAL           Name                               Link     Load   Length     Space
        CLASS   STACK          

        CLASS   CODE           
                intcode                               8        8        6         0
                init                                  E        E        4         0
                reset_vec                             0        0        4         0
                text6                               C7E      C7E        8         0
                intcode_body                        B46      B46       AE         0
                text4                               976      976      10C         0
                text3                               BF4      BF4       70         0
                text2                               C76      C76        8         0
                text1                               A82      A82       C4         0
                text0                               818      818      15E         0
                cinit                               C64      C64       12         0

        CLASS   CONST          

        CLASS   SMALLCONST     
                smallconst                          800      800       18         0

        CLASS   MEDIUMCONST    

        CLASS   COMRAM         
                temp                                 1E       1E        1         1
                cstackCOMRAM                          1        1       1D         1

        CLASS   ABS1           

        CLASS   BIGRAM         

        CLASS   RAM            

        CLASS   BANK0          

        CLASS   BANK1          

        CLASS   BANK2          

        CLASS   BANK3          

        CLASS   BANK4          

        CLASS   BANK5          

        CLASS   BANK6          

        CLASS   BANK7          

        CLASS   SFR            

        CLASS   CONFIG         
                config                           300000   300000        E         4

        CLASS   IDLOC          
                idloc                            200000   200000        8         5

        CLASS   FARRAM         

        CLASS   EEDATA         



SEGMENTS        Name                           Load    Length   Top    Selector   Space  Class

                reset_vec                      000000  000004  000004         0       0  CODE    
                cstackCOMRAM                   000001  00001E  00001F         1       1  COMRAM  
                intcode                        000008  00000A  000012         4       0  CODE    
                smallconst                     000800  000018  000818       400       0  SMALLCON
                text0                          000818  00046E  000C86       40C       0  CODE    


UNUSED ADDRESS RANGES

        Name                Unused          Largest block    Delta
        BANK0            000060-0000FF               A0
        BANK1            000100-0001FF              100
        BANK2            000200-0002FF              100
        BANK3            000300-0003FF              100
        BANK4            000400-0004FF              100
        BANK5            000500-0005FF              100
        BANK6            000600-0006FF              100
        BANK7            000700-0007FF              100
        BIGRAM           00001F-0007FF              7E1
        CODE             000004-000007                4
                         000012-0007FF              7EE
                         000C86-007FFF             737A
        COMRAM           00001F-00005F               41
        CONST            000004-000007                4
                         000012-0007FF              7EE
                         000C86-007FFF             737A
        EEDATA           F00000-F000FF              100
        MEDIUMCONST      000C86-007FFF             737A
        RAM              000060-0007FF              100
        SFR              000F60-000FFF               A0
        SMALLCONST       000C86-007FFF              100
        STACK            000060-0007FF              7A0

                                  Symbol Table

?___aldiv                cstackCOMRAM 000002
?___awdiv                cstackCOMRAM 000002
USART_Init@baud          cstackCOMRAM 000010
USART_Tx@data            cstackCOMRAM 000002
_ADCON0bits              (abs)        000FC2
_ADCON1                  (abs)        000FC1
_ADCON2bits              (abs)        000FC0
_ADRESH                  (abs)        000FC4
_INT0F                   (abs)        007F91
_INT1F                   (abs)        007F80
_INTCON3bits             (abs)        000FF0
_INTCONbits              (abs)        000FF2
_INTEDG0                 (abs)        007F8E
_INTEDG1                 (abs)        007F8D
_IPR1bits                (abs)        000F9F
_ISR                     intcode      000008
_LATBbits                (abs)        000F8A
_PIE1bits                (abs)        000F9D
_PORTBbits               (abs)        000F81
_RBIF                    (abs)        007F90
_RCIF                    (abs)        007CF5
_RCREG                   (abs)        000FAE
_RCSTAbits               (abs)        000FAB
_SPBRG                   (abs)        000FAF
_T1CONbits               (abs)        000FCD
_TMR1H                   (abs)        000FCF
_TMR1IF                  (abs)        007CF0
_TMR1L                   (abs)        000FCE
_TRISBbits               (abs)        000F93
_TRISCbits               (abs)        000F94
_TXREG                   (abs)        000FAD
_TXSTAbits               (abs)        000FAC
_USART_Init              text3        000BF4
_USART_Init$1372         cstackCOMRAM 000014
_USART_Tx                text2        000C76
__HRAM                   (abs)        000000
__Habs1                  abs1         000000
__Hbank0                 bank0        000000
__Hbank1                 bank1        000000
__Hbank2                 bank2        000000
__Hbank3                 bank3        000000
__Hbank4                 bank4        000000
__Hbank5                 bank5        000000
__Hbank6                 bank6        000000
__Hbank7                 bank7        000000
__Hbigbss                bigbss       000000
__Hbigdata               bigdata      000000
__Hbigram                bigram       000000
__Hbss                   bss          000000
__Hcinit                 cinit        000000
__Hclrtext               clrtext      000000
__Hcomram                comram       000000
__Hconfig                config       30000E
__Hconst                 const        000000
__HcstackCOMRAM          cstackCOMRAM 000000
__Hdata                  data         000000
__Heeprom_data           eeprom_data  000000
__Hfarbss                farbss       000000
__Hfardata               fardata      000000
__Hibigdata              ibigdata     000000
__Hidata                 idata        000000
__Hidloc                 idloc        200008
__Hifardata              ifardata     000000
__Hinit                  init         000012
__Hintcode               intcode      00000E
__Hintcode_body          intcode_body 000000
__Hintcodelo             intcodelo    00000E
__Hintentry              intentry     000000
__Hintret                intret       000000
__Hintsave_regs          intsave_regs 000000
__Hirdata                irdata       000000
__Hmediumconst           mediumconst  000000
__HnvFARRAM              nvFARRAM     000000
__Hnvbit                 nvbit        000000
__Hnvrram                nvrram       000000
__Hparam                 rparam       000000
__Hpowerup               powerup      00000E
__Hram                   ram          000000
__Hramtop                ramtop       000800
__Hrbit                  rbit         000000
__Hrbss                  rbss         000000
__Hrdata                 rdata        000000
__Hreset_vec             reset_vec    000004
__Hrparam                rparam       000000
__Hsfr                   sfr          000000
__Hsmallconst            smallconst   000818
__Hspace_0               (abs)        000C86
__Hspace_1               (abs)        00001F
__Hspace_2               (abs)        000000
__Hspace_4               (abs)        60000E
__Hstack                 stack        000000
__Hstruct                struct       000000
__Htemp                  temp         00001F
__Htext                  text         000000
__Htext0                 text0        000000
__Htext1                 text1        000000
__Htext2                 text2        000000
__Htext3                 text3        000000
__Htext4                 text4        000000
__Htext6                 text6        000000
__LRAM                   (abs)        000001
__Labs1                  abs1         000000
__Lbank0                 bank0        000000
__Lbank1                 bank1        000000
__Lbank2                 bank2        000000
__Lbank3                 bank3        000000
__Lbank4                 bank4        000000
__Lbank5                 bank5        000000
__Lbank6                 bank6        000000
__Lbank7                 bank7        000000
__Lbigbss                bigbss       000000
__Lbigdata               bigdata      000000
__Lbigram                bigram       000000
__Lbss                   bss          000000
__Lcinit                 cinit        000000
__Lclrtext               clrtext      000000
__Lcomram                comram       000000
__Lconfig                config       000000
__Lconst                 const        000000
__LcstackCOMRAM          cstackCOMRAM 000000
__Ldata                  data         000000
__Leeprom_data           eeprom_data  000000
__Lfarbss                farbss       000000
__Lfardata               fardata      000000
__Libigdata              ibigdata     000000
__Lidata                 idata        000000
__Lidloc                 idloc        000000
__Lifardata              ifardata     000000
__Linit                  init         00000E
__Lintcode               intcode      000008
__Lintcode_body          intcode_body 000000
__Lintcodelo             intcodelo    00000E
__Lintentry              intentry     000000
__Lintret                intret       000000
__Lintsave_regs          intsave_regs 000000
__Lirdata                irdata       000000
__Lmediumconst           mediumconst  000000
__LnvFARRAM              nvFARRAM     000000
__Lnvbit                 nvbit        000000
__Lnvrram                nvrram       000000
__Lparam                 rparam       000000
__Lpowerup               powerup      00000E
__Lram                   ram          000000
__Lramtop                ramtop       000800
__Lrbit                  rbit         000000
__Lrbss                  rbss         000000
__Lrdata                 rdata        000000
__Lreset_vec             reset_vec    000000
__Lrparam                rparam       000000
__Lsfr                   sfr          000000
__Lsmallconst            smallconst   000800
__Lspace_0               (abs)        000000
__Lspace_1               (abs)        000000
__Lspace_2               (abs)        000000
__Lspace_4               (abs)        000000
__Lstack                 stack        000000
__Lstruct                struct       000000
__Ltemp                  temp         00001E
__Ltext                  text         000000
__Ltext0                 text0        000000
__Ltext1                 text1        000000
__Ltext2                 text2        000000
__Ltext3                 text3        000000
__Ltext4                 text4        000000
__Ltext6                 text6        000000
__S0                     (abs)        000C86
__S1                     (abs)        00001F
__S2                     (abs)        000000
__S4                     (abs)        000000
__S5                     (abs)        000000
___aldiv                 text4        000976
___aldiv@counter         cstackCOMRAM 00000A
___aldiv@dividend        cstackCOMRAM 000002
___aldiv@divisor         cstackCOMRAM 000006
___aldiv@quotient        cstackCOMRAM 00000C
___aldiv@sign            cstackCOMRAM 00000B
___awdiv                 text1        000A82
___awdiv@counter         cstackCOMRAM 000006
___awdiv@dividend        cstackCOMRAM 000002
___awdiv@divisor         cstackCOMRAM 000004
___awdiv@quotient        cstackCOMRAM 000008
___awdiv@sign            cstackCOMRAM 000007
___inthi_sp              stack        000000
___intlo_sp              stack        000000
___param_bank            (abs)        000000
___rparam_used           (abs)        000001
___sp                    stack        000000
__accesstop              (abs)        000060
__activetblptr           (abs)        000001
__end_of_ISR             intcode_body 000BF4
__end_of_USART_Init      text3        000C64
__end_of_USART_Tx        text2        000C7E
__end_of___aldiv         text4        000A82
__end_of___awdiv         text1        000B46
__end_of__initialization cinit        000C64
__end_of_main            text0        000976
__end_ofi2_USART_Tx      text6        000C86
__initialization         cinit        000C64
__mediumconst            mediumconst  000000
__pcinit                 cinit        000C64
__pcstackCOMRAM          cstackCOMRAM 000001
__pintcode               intcode      000008
__pintcode_body          intcode_body 000B46
__psmallconst            smallconst   000800
__ptext0                 text0        000818
__ptext1                 text1        000A82
__ptext2                 text2        000C76
__ptext3                 text3        000BF4
__ptext4                 text4        000976
__ptext6                 text6        000C7E
__ramtop                 ramtop       000800
__size_of_ISR            (abs)        000000
__size_of_USART_Init     (abs)        000000
__size_of_USART_Tx       (abs)        000000
__size_of___aldiv        (abs)        000000
__size_of___awdiv        (abs)        000000
__size_of_main           (abs)        000000
__size_ofi2_USART_Tx     (abs)        000000
__smallconst             smallconst   000800
_main                    text0        000818
btemp                    temp         00001E
end_of_initialization    cinit        000C64
i2USART_Tx@data          cstackCOMRAM 000001
i2_USART_Tx              text6        000C7E
int$flags                temp         00001E
int_func                 intcode_body 000B46
intlevel0                text         000000
intlevel1                text         000000
intlevel2                text         000000
intlevel3                text         000000
main@lectura             cstackCOMRAM 00001C
main@umbralNuevo         cstackCOMRAM 00001A
main@umbralViejo         cstackCOMRAM 000018
stackhi                  (abs)        0007FF
stacklo                  (abs)        000060
start                    init         00000E
start_initialization     cinit        000C64
ttemp5                   temp         00001F
ttemp6                   temp         000022
ttemp7                   temp         000026
wtemp8                   temp         00001F


FUNCTION INFORMATION:

 *************** function _main *****************
 Defined at:
		line 16 in file "control.c"
 Parameters:    Size  Location     Type
		None
 Auto vars:     Size  Location     Type
  lectura         2   27[COMRAM] int 
  umbralNuevo     2   25[COMRAM] int 
  umbralViejo     2   23[COMRAM] int 
 Return value:  Size  Location     Type
                  1    wreg      void 
 Registers used:
		wreg, status,2, status,0, cstack
 Tracked objects:
		On entry : 
		On exit  : 
		Unchanged: 
 Data sizes:     COMRAM   BANK0   BANK1   BANK2   BANK3   BANK4   BANK5   BANK6   BANK7
      Params:         0       0       0       0       0       0       0       0       0
      Locals:         6       0       0       0       0       0       0       0       0
      Temps:          0       0       0       0       0       0       0       0       0
      Totals:         6       0       0       0       0       0       0       0       0
Total ram usage:        6 bytes
 Hardware stack levels required when called:    4
 This function calls:
		_USART_Init
		_USART_Tx
		___awdiv
 This function is called by:
		Startup code after reset
 This function uses a non-reentrant model


 *************** function ___awdiv *****************
 Defined at:
		line 7 in file "C:\Program Files\Microchip\xc8\v2.20\pic\sources\c99\common\awdiv.c"
 Parameters:    Size  Location     Type
  dividend        2    1[COMRAM] int 
  divisor         2    3[COMRAM] int 
 Auto vars:     Size  Location     Type
  quotient        2    7[COMRAM] int 
  sign            1    6[COMRAM] unsigned char 
  counter         1    5[COMRAM] unsigned char 
 Return value:  Size  Location     Type
                  2    1[COMRAM] int 
 Registers used:
		wreg, status,2, status,0
 Tracked objects:
		On entry : 
		On exit  : 
		Unchanged: 
 Data sizes:     COMRAM   BANK0   BANK1   BANK2   BANK3   BANK4   BANK5   BANK6   BANK7
      Params:         4       0       0       0       0       0       0       0       0
      Locals:         4       0       0       0       0       0       0       0       0
      Temps:          0       0       0       0       0       0       0       0       0
      Totals:         8       0       0       0       0       0       0       0       0
Total ram usage:        8 bytes
 Hardware stack levels used:    1
 Hardware stack levels required when called:    2
 This function calls:
		Nothing
 This function is called by:
		_main
 This function uses a non-reentrant model


 *************** function _USART_Tx *****************
 Defined at:
		line 28 in file "LibreriaMicros.c"
 Parameters:    Size  Location     Type
  data            1    wreg     unsigned char 
 Auto vars:     Size  Location     Type
  data            1    1[COMRAM] unsigned char 
 Return value:  Size  Location     Type
                  1    wreg      void 
 Registers used:
		wreg
 Tracked objects:
		On entry : 
		On exit  : 
		Unchanged: 
 Data sizes:     COMRAM   BANK0   BANK1   BANK2   BANK3   BANK4   BANK5   BANK6   BANK7
      Params:         0       0       0       0       0       0       0       0       0
      Locals:         1       0       0       0       0       0       0       0       0
      Temps:          0       0       0       0       0       0       0       0       0
      Totals:         1       0       0       0       0       0       0       0       0
Total ram usage:        1 bytes
 Hardware stack levels used:    1
 Hardware stack levels required when called:    2
 This function calls:
		Nothing
 This function is called by:
		_main
 This function uses a non-reentrant model


 *************** function _USART_Init *****************
 Defined at:
		line 6 in file "LibreriaMicros.c"
 Parameters:    Size  Location     Type
  baud            4   15[COMRAM] long 
 Auto vars:     Size  Location     Type
		None
 Return value:  Size  Location     Type
                  1    wreg      void 
 Registers used:
		wreg, status,2, status,0, cstack
 Tracked objects:
		On entry : 
		On exit  : 
		Unchanged: 
 Data sizes:     COMRAM   BANK0   BANK1   BANK2   BANK3   BANK4   BANK5   BANK6   BANK7
      Params:         4       0       0       0       0       0       0       0       0
      Locals:         4       0       0       0       0       0       0       0       0
      Temps:          0       0       0       0       0       0       0       0       0
      Totals:         8       0       0       0       0       0       0       0       0
Total ram usage:        8 bytes
 Hardware stack levels used:    1
 Hardware stack levels required when called:    3
 This function calls:
		___aldiv
 This function is called by:
		_main
 This function uses a non-reentrant model


 *************** function ___aldiv *****************
 Defined at:
		line 7 in file "C:\Program Files\Microchip\xc8\v2.20\pic\sources\c99\common\aldiv.c"
 Parameters:    Size  Location     Type
  dividend        4    1[COMRAM] long 
  divisor         4    5[COMRAM] long 
 Auto vars:     Size  Location     Type
  quotient        4   11[COMRAM] long 
  sign            1   10[COMRAM] unsigned char 
  counter         1    9[COMRAM] unsigned char 
 Return value:  Size  Location     Type
                  4    1[COMRAM] long 
 Registers used:
		wreg, status,2, status,0
 Tracked objects:
		On entry : 
		On exit  : 
		Unchanged: 
 Data sizes:     COMRAM   BANK0   BANK1   BANK2   BANK3   BANK4   BANK5   BANK6   BANK7
      Params:         8       0       0       0       0       0       0       0       0
      Locals:         6       0       0       0       0       0       0       0       0
      Temps:          0       0       0       0       0       0       0       0       0
      Totals:        14       0       0       0       0       0       0       0       0
Total ram usage:       14 bytes
 Hardware stack levels used:    1
 Hardware stack levels required when called:    2
 This function calls:
		Nothing
 This function is called by:
		_USART_Init
 This function uses a non-reentrant model


 *************** function _ISR *****************
 Defined at:
		line 79 in file "control.c"
 Parameters:    Size  Location     Type
		None
 Auto vars:     Size  Location     Type
		None
 Return value:  Size  Location     Type
                  1    wreg      void 
 Registers used:
		wreg, status,2, status,0, cstack
 Tracked objects:
		On entry : 
		On exit  : 
		Unchanged: 
 Data sizes:     COMRAM   BANK0   BANK1   BANK2   BANK3   BANK4   BANK5   BANK6   BANK7
      Params:         0       0       0       0       0       0       0       0       0
      Locals:         0       0       0       0       0       0       0       0       0
      Temps:          0       0       0       0       0       0       0       0       0
      Totals:         0       0       0       0       0       0       0       0       0
Total ram usage:        0 bytes
 Hardware stack levels used:    1
 Hardware stack levels required when called:    1
 This function calls:
		i2_USART_Tx
 This function is called by:
		Interrupt level 2
 This function uses a non-reentrant model


 *************** function i2_USART_Tx *****************
 Defined at:
		line 28 in file "LibreriaMicros.c"
 Parameters:    Size  Location     Type
  data            1    wreg     unsigned char 
 Auto vars:     Size  Location     Type
  data            1    0[COMRAM] unsigned char 
 Return value:  Size  Location     Type
                  1    wreg      void 
 Registers used:
		wreg
 Tracked objects:
		On entry : 
		On exit  : 
		Unchanged: 
 Data sizes:     COMRAM   BANK0   BANK1   BANK2   BANK3   BANK4   BANK5   BANK6   BANK7
      Params:         0       0       0       0       0       0       0       0       0
      Locals:         1       0       0       0       0       0       0       0       0
      Temps:          0       0       0       0       0       0       0       0       0
      Totals:         1       0       0       0       0       0       0       0       0
Total ram usage:        1 bytes
 Hardware stack levels used:    1
 This function calls:
		Nothing
 This function is called by:
		_ISR
 This function uses a non-reentrant model



MODULE INFORMATION

Module		Function		Class		Link	Load	Size
LibreriaMicros.c
		_USART_Tx      		CODE           	0C76	0000	9
		_USART_Init    		CODE           	0BF4	0000	113

LibreriaMicros.c estimated size: 122

control.c
		_ISR           		CODE           	0008	0000	181
		_main          		CODE           	0818	0000	351

control.c estimated size: 532

shared
		__initialization		CODE           	0C64	0000	1
		i2_USART_Tx    		CODE           	0C7E	0000	9

shared estimated size: 10

C:\Program Files\Microchip\xc8\v2.20\pic\sources\c99\common\awdiv.c
		___awdiv       		CODE           	0A82	0000	197

C:\Program Files\Microchip\xc8\v2.20\pic\sources\c99\common\awdiv.c estimated size: 197

C:\Program Files\Microchip\xc8\v2.20\pic\sources\c99\common\aldiv.c
		___aldiv       		CODE           	0976	0000	269

C:\Program Files\Microchip\xc8\v2.20\pic\sources\c99\common\aldiv.c estimated size: 269

